[www.digimarkagency.com/index.html]
[backblue.gif]
[fade.gif]
[index.html]
[www.digimarkagency.com/images/main-slider/slider-1.webp]
[www.digimarkagency.com/css/fonts.css]
[www.digimarkagency.com/css/bootstrap-main.min.css]
[www.digimarkagency.com/css/font-awsome-main.css]
[www.digimarkagency.com/css/owl.css]
[www.digimarkagency.com/css/flaticon.css]
[www.digimarkagency.com/css/linoor-icons-2.css]
[www.digimarkagency.com/css/animate-main.css]
[www.digimarkagency.com/css/jarallax.css]
[www.digimarkagency.com/css/custom-animate.css]
[www.digimarkagency.com/css/style-main1.css]
[www.digimarkagency.com/css/responsive-main.css]
[www.digimarkagency.com/images/favicon.png]
[dev.visualwebsiteoptimizer.com/ee5ba7.gif]
[www.digimarkagency.com/css/grid-supplement3f56.css]
[www.digimarkagency.com/images/logo.png]
[www.digimarkagency.com/about-us.html]
[www.digimarkagency.com/seo-company-bangalore.html]
[www.digimarkagency.com/cro/conversion-rate-optimization-in-bangalore.html]
[www.digimarkagency.com/website-designing-and-development-company-in-bangalore.html]
[www.digimarkagency.com/website-anaytics.html]
[www.digimarkagency.com/mobile-marketing.html]
[www.digimarkagency.com/email-marketing.html]
[www.digimarkagency.com/best-app-store-optimisation-agencies-in-bangalore.html]
[www.digimarkagency.com/ai-seo-services.html]
[www.digimarkagency.com/contact.html]
[www.digimarkagency.com/success-stories.html]
[www.digimarkagency.com/our-clients.html]
[www.digimarkagency.com/team.html]
[www.digimarkagency.com/as-seen-on.html]
[www.digimarkagency.com/career.html]
[www.digimarkagency.com/images/icons/close-1-1.png]
[www.digimarkagency.com/images/clients/client-19.png]
[www.digimarkagency.com/images/clients/client-20.png]
[www.digimarkagency.com/images/clients/client-21.png]
[www.digimarkagency.com/images/clients/client-22.png]
[www.digimarkagency.com/images/clients/client-23.png]
[www.digimarkagency.com/images/clients/client-24.png]
[www.digimarkagency.com/images/clients/client-25.png]
[www.digimarkagency.com/images/clients/client-26.png]
[www.digimarkagency.com/images/clients/client-27.png]
[www.digimarkagency.com/images/clients/client-28.png]
[www.digimarkagency.com/images/clients/client-29.png]
[www.digimarkagency.com/images/clients/client-30.png]
[www.digimarkagency.com/images/clients/client-31.png]
[www.digimarkagency.com/images/clients/client-32.png]
[www.digimarkagency.com/images/clients/client-33.png]
[www.digimarkagency.com/images/clients/client-34.png]
[www.digimarkagency.com/images/clients/client-35.png]
[www.digimarkagency.com/images/clients/client-36.png]
[www.digimarkagency.com/images/clients/client-37.png]
[www.digimarkagency.com/images/clients/l1.png]
[www.digimarkagency.com/images/clients/l2.png]
[www.digimarkagency.com/images/clients/l3.png]
[www.digimarkagency.com/images/clients/l4.png]
[www.digimarkagency.com/images/clients/l5.png]
[www.digimarkagency.com/images/clients/l6.png]
[www.digimarkagency.com/images/clients/l7.png]
[www.digimarkagency.com/images/clients/l8.png]
[www.digimarkagency.com/images/clients/l9.png]
[www.digimarkagency.com/images/clients/l10.png]
[www.digimarkagency.com/images/clients/l11.png]
[www.digimarkagency.com/images/clients/l12.png]
[www.digimarkagency.com/images/clients/l13.png]
[www.digimarkagency.com/images/clients/l14.png]
[www.digimarkagency.com/images/clients/l15.png]
[www.digimarkagency.com/internet-marketing-services-in-bangalore.html]
[www.digimarkagency.com/paid-search.html]
[www.digimarkagency.com/digital-marketing-consultant-in-bangalore.html]
[www.digimarkagency.com/seo-services-in-bangalore.html]
[www.digimarkagency.com/generative-engine-optimization-in-bangalore.html]
[www.digimarkagency.com/branding-agency-in-bangalore.html]
[www.digimarkagency.com/market-researcher-in-bangalore.html]
[www.digimarkagency.com/seo-content-writing-services-in-bangalore.html]
[www.digimarkagency.com/images/resource/featured-image-1.webp]
[www.digimarkagency.com/images/resource/featured-image-20.webp]
[www.digimarkagency.com/images/background/image-1-compressed.webp]
[www.digimarkagency.com/images/background/image-2.webp]
[www.digimarkagency.com/images/update-26-02-2021/resources/history-1-2.webp]
[www.digimarkagency.com/images/resource/team.webp]
[www.digimarkagency.com/images/resource/achievement.webp]
[www.digimarkagency.com/images/resource/pocket-friendly.webp]
[elfsightcdn.com/platform.js]
[www.digimarkagency.com/link-building-services-in-bangalore.html]
[www.digimarkagency.com/enterprise-seo-services-in-bangalore.html]
[www.digimarkagency.com/hyderabad/seo-company-hyderabad.html]
[www.digimarkagency.com/social-media-marketing-company-bangalore.html]
[www.digimarkagency.com/video-production-company-in-bangalore.html]
[www.digimarkagency.com/blog/index.html]
[www.digimarkagency.com/hyderabad/digital-marketing-company-hyderabad.html]
[www.digimarkagency.com/images/logo_dark.png]
[www.digimarkagency.com/privacy-policy.html]
[www.digimarkagency.com/js/jquery.js]
[www.digimarkagency.com/js/popper.min.js]
[www.digimarkagency.com/js/bootstrap.min.js]
[www.digimarkagency.com/js/TweenMax.js]
[www.digimarkagency.com/js/jquery.fancybox.js]
[www.digimarkagency.com/js/owl.js]
[www.digimarkagency.com/js/appear.js]
[www.digimarkagency.com/js/wow.js]
[www.digimarkagency.com/js/jQuery.style.switcher.min.js]
[cdnjs.cloudflare.com/ajax/libs/js-cookie/2.1.2/js.cookie.min.js]
[www.digimarkagency.com/js/jquery.easing.min.js]
[www.digimarkagency.com/js/jarallax.min.js]
[www.digimarkagency.com/js/custom-script.js]
[www.digimarkagency.com/index.html]
[www.digimarkagency.com/css/fonts.css]
[www.digimarkagency.com/fonts/YourFont.woff2]
[www.digimarkagency.com/css/bootstrap-main.min.css]
[www.digimarkagency.com/js/seo-cro-enhance5e1f.js]
[www.digimarkagency.com/fonts/fa-brands-400.eot]
[www.digimarkagency.com/fonts/fa-brands-400d41dd41d.eot]
[www.digimarkagency.com/fonts/fa-brands-400.woff]
[www.digimarkagency.com/fonts/fa-regular-400.eot]
[www.digimarkagency.com/fonts/fa-brands-400.svg]
[www.digimarkagency.com/fonts/fa-regular-400d41dd41d.eot]
[www.digimarkagency.com/fonts/fa-regular-400.woff]
[www.digimarkagency.com/fonts/fa-regular-400.svg]
[www.digimarkagency.com/fonts/fa-solid-900.eot]
[www.digimarkagency.com/fonts/fa-solid-900d41dd41d.eot]
[www.digimarkagency.com/fonts/fa-solid-900.woff]
[www.digimarkagency.com/css/font-awsome-main.css]
[www.digimarkagency.com/css/owl.video.play.png]
[www.digimarkagency.com/css/owl.css]
[www.digimarkagency.com/fonts/fa-solid-900.svg]
[www.digimarkagency.com/fonts/Flaticon2b972b97.woff]
[www.digimarkagency.com/css/flaticon.css]
[www.digimarkagency.com/fonts/linoor-icon-twoc6d5c6d5.eot]
[www.digimarkagency.com/fonts/linoor-icon-twoc6d5c6d5.ttf]
[www.digimarkagency.com/fonts/linoor-icon-twoc6d5c6d5.woff]
[www.digimarkagency.com/fonts/linoor-icon-twoc6d5c6d5.svg]
[www.digimarkagency.com/css/linoor-icons-2.css]
[www.digimarkagency.com/css/animate-main.css]
[www.digimarkagency.com/css/jarallax.css]
[www.digimarkagency.com/css/custom-animate.css]
[www.digimarkagency.com/images/background/home-portfolio-bg-1-1.png]
[www.digimarkagency.com/css/style-main1.css]
[www.digimarkagency.com/css/responsive-main.css]
[www.digimarkagency.com/css/colors/color-default.css]
[www.digimarkagency.com/GET.html]
[www.digimarkagency.com/css/grid-supplement3f56.css]
[www.googletagmanager.com/gtm5445.html]
[www.digimarkagency.com/images/background/image-7.webp]
[www.digimarkagency.com/css/bootstrap-about.min.css]
[www.digimarkagency.com/css/fontawesome-about.css]
[www.digimarkagency.com/css/flaticon-about.css]
[www.digimarkagency.com/css/animate-about.css]
[www.digimarkagency.com/css/jquery.fancybox.min.css]
[www.digimarkagency.com/css/style.css]
[www.digimarkagency.com/css/responsive-about.css]
[www.digimarkagency.com/images/resource/featured-image-11.jpg]
[www.digimarkagency.com/images/resource/featured-image-12.webp]
[www.digimarkagency.com/js/jquery-ui.js]
[www.digimarkagency.com/js/knob.js]
[www.digimarkagency.com/js/lang.js]
[www.digimarkagency.com/js/color-switcher.js]
[www.digimarkagency.com/about-us.html]
[www.digimarkagency.com/images/resource/featured-image-16.webp]
[www.digimarkagency.com/css/bootstrap-seo.css]
[www.digimarkagency.com/css/fontawesome-seo.css]
[www.digimarkagency.com/css/flaticon-seo.css]
[www.digimarkagency.com/css/animate.css]
[www.digimarkagency.com/css/rtl.css]
[www.digimarkagency.com/css/responsive.css]
[www.digimarkagency.com/images/success-stories/real-estate-gsc.jpg]
[www.digimarkagency.com/team/vimlesh-maurya.html]
[www.digimarkagency.com/contactf2e7.html]
[www.digimarkagency.com/contact0c84.html]
[www.digimarkagency.com/contact1cc8.html]
[www.digimarkagency.com/images/success-stories/veloria-grand-gsc-3month.webp]
[www.digimarkagency.com/images/success-stories/edtech-gsc.jpg]
[www.digimarkagency.com/images/success-stories/healthcare-10x-gsc.jpg]
[www.digimarkagency.com/images/success-stories/healthcare-ctr-9-6.jpg]
[www.digimarkagency.com/images/success-stories/education-gsc.jpg]
[www.digimarkagency.com/images/success-stories/pharma-gsc.jpg]
[www.digimarkagency.com/images/success-stories/beauty-gsc.jpg]
[www.digimarkagency.com/images/success-stories/photography-gsc.jpg]
[www.digimarkagency.com/shopify-seo-services-in-bangalore.html]
[www.digimarkagency.com/international-seo-services-in-bangalore.html]
[online.seranking.com/frontend-dist/widget-manager/main.js]
[www.digimarkagency.com/seo-company-bangalore.html]
[online.seranking.com/frontend-dist/Widgets/js/main.js]
[maxcdn.bootstrapcdn.com/font-awesome/4.5.0/css/font-awesome.min.css]
[www.digimarkagency.com/css/grid-supplementb6f5.css]
[www.digimarkagency.com/images/clients/on-mobile.png]
[www.digimarkagency.com/images/clients/colive.png]
[www.digimarkagency.com/images/clients/page-academy.png]
[www.digimarkagency.com/images/clients/aron-universal.png]
[www.digimarkagency.com/images/clients/telio-ev.png]
[www.digimarkagency.com/images/clients/total-ebiz-solutions.png]
[www.digimarkagency.com/images/clients/credit-saison-india.png]
[www.digimarkagency.com/images/clients/livglam.png]
[www.digimarkagency.com/images/clients/n.png]
[www.digimarkagency.com/images/clients/creative-code-productions.png]
[www.digimarkagency.com/images/clients/big-hospitals.png]
[www.digimarkagency.com/images/clients/e-y.png]
[www.digimarkagency.com/images/clients/atelier-films.png]
[www.digimarkagency.com/images/clients/alston-systems.png]
[www.digimarkagency.com/images/clients/ahmadi-industries.png]
[www.digimarkagency.com/images/clients/gloss-n-glass.png]
[www.digimarkagency.com/images/clients/girl-panda.png]
[www.digimarkagency.com/images/clients/dexterity-venture.png]
[www.digimarkagency.com/images/clients/uvaska.png]
[www.digimarkagency.com/images/clients/issara.png]
[www.digimarkagency.com/images/clients/orient-cement.png]
[www.digimarkagency.com/images/clients/c-k-birla-group.png]
[www.digimarkagency.com/images/clients/attitude.png]
[www.digimarkagency.com/images/clients/ayyan-fireworks.png]
[www.digimarkagency.com/images/clients/flip-kart.png]
[www.digimarkagency.com/images/clients/tata-housing.png]
[www.digimarkagency.com/images/clients/british-biologicals.png]
[www.digimarkagency.com/images/clients/maarga.png]
[www.digimarkagency.com/images/clients/abbs.png]
[www.digimarkagency.com/images/clients/check-point-software-technologies.png]
[www.digimarkagency.com/images/clients/restolex.png]
[www.digimarkagency.com/images/clients/presidency-college.png]
[www.digimarkagency.com/images/clients/ziphop.png]
[www.digimarkagency.com/images/clients/isme-bangalore.png]
[www.digimarkagency.com/images/thehindu-logo.svg]
[www.digimarkagency.com/images/built-in-logo-png.png]
[www.digimarkagency.com/cro/conversion-rate-optimization-in-bangalore.html]
[www.digimarkagency.com/css/bootstrap-web-dev.css]
[www.digimarkagency.com/css/fontawesome-web-dev.css]
[www.digimarkagency.com/css/responsive-web-dev.css]
[www.digimarkagency.com/images/resource/featured-image-16.jpg]
[www.digimarkagency.com/images/update-01-10-2021/resources/grow-1-3-7.webp]
[www.digimarkagency.com/images/update-01-10-2021/resources/grow-1-3-5.webp]
[www.digimarkagency.com/images/update-01-10-2021/resources/grow-1-3-9.webp]
[www.digimarkagency.com/images/update-01-10-2021/resources/grow-1-1.webp]
[www.digimarkagency.com/images/update-01-10-2021/resources/grow-1-3-4.webp]
[www.digimarkagency.com/images/update-01-10-2021/resources/grow-1-2.webp]
[www.digimarkagency.com/images/work-showcase/image1.webp]
[www.digimarkagency.com/images/work-showcase/image2.webp]
[www.digimarkagency.com/images/work-showcase/image3.webp]
[www.digimarkagency.com/images/work-showcase/image4.webp]
[www.digimarkagency.com/images/work-showcase/image5.webp]
[www.digimarkagency.com/images/work-showcase/image6.webp]
[www.digimarkagency.com/images/work-showcase/image7.webp]
[www.digimarkagency.com/images/work-showcase/image8.webp]
[www.digimarkagency.com/images/work-showcase/image9.webp]
[www.digimarkagency.com/images/work-showcase/image10.webp]
[www.digimarkagency.com/images/work-showcase/image11.webp]
[www.digimarkagency.com/images/work-showcase/image12.webp]
[www.digimarkagency.com/website-designing-and-development-company-in-bangalore.html]
[www.digimarkagency.com/css/bootstrap.min.css]
[www.digimarkagency.com/css/fontawesome-all.css]
[www.digimarkagency.com/css/jquery-ui.css]
[www.digimarkagency.com/css/hover.css]
[www.digimarkagency.com/website-anaytics.html]
[www.digimarkagency.com/images/update-01-10-2021/resources/grow-1-3-8.webp]
[www.digimarkagency.com/mobile-marketing.html]
[www.digimarkagency.com/email-marketing.html]
[www.digimarkagency.com/best-app-store-optimisation-agencies-in-bangalore.html]
[www.digimarkagency.com/ai-seo-services.html]
[www.digimarkagency.com/contact.html]
[www.digimarkagency.com/images/success-stories/edtech-ai-citations.jpg]
[www.digimarkagency.com/images/success-stories/real-estate-ai-citations.jpg]
[www.digimarkagency.com/images/success-stories/b2b-saas-gsc.jpg]
[www.digimarkagency.com/images/success-stories/beauty-gbp-calls.jpg]
[www.digimarkagency.com/success-stories.html]
[www.digimarkagency.com/images/clients/leadschool.png]
[www.digimarkagency.com/images/clients/aihs.webp]
[www.digimarkagency.com/images/clients/Vedam.png]
[www.digimarkagency.com/images/clients/total-e-biz-solutions.png]
[www.digimarkagency.com/images/clients/onroadz.png]
[www.digimarkagency.com/images/clients/gvk-health-hub.png]
[www.digimarkagency.com/images/clients/contactswing.png]
[www.digimarkagency.com/images/clients/xny-health.png]
[www.digimarkagency.com/images/clients/biosynth-logo.png]
[www.digimarkagency.com/our-clients.html]
[www.digimarkagency.com/images/resource/team-ranjith.jpg]
[www.digimarkagency.com/images/resource/team-rajitha.webp]
[www.digimarkagency.com/images/resource/team-sheiksha.webp]
[www.digimarkagency.com/images/resource/team-animesh.webp]
[www.digimarkagency.com/images/resource/team-deepak.jpg]
[www.digimarkagency.com/images/resource/team-kiran.webp]
[www.digimarkagency.com/images/resource/team-kavya.webp]
[www.digimarkagency.com/images/resource/team-salma.webp]
[www.digimarkagency.com/images/resource/team-khusboo.webp]
[www.digimarkagency.com/images/resource/samridi.webp]
[www.digimarkagency.com/images/resource/team-meghana.jpg]
[www.digimarkagency.com/images/resource/team-kiran-intern.webp]
[www.digimarkagency.com/team.html]
[www.digimarkagency.com/as-seen-on.html]
[cdnjs.cloudflare.com/ajax/libs/jquery/3.1.1/jquery.min.js]
[www.digimarkagency.com/images/resource/career-main.webp]
[www.digimarkagency.com/images/update-09-06-2021/events/career-seo-analyst.webp]
[www.digimarkagency.com/images/update-09-06-2021/events/career-social-media.webp]
[www.digimarkagency.com/images/update-09-06-2021/events/career-web-developer.webp]
[www.digimarkagency.com/images/update-09-06-2021/events/career-full-stack.webp]
[www.digimarkagency.com/images/update-09-06-2021/events/career-content-writer.webp]
[www.digimarkagency.com/images/update-09-06-2021/events/career-csm.webp]
[www.digimarkagency.com/images/update-09-06-2021/events/career-bdm.jpg]
[www.digimarkagency.com/images/update-09-06-2021/events/career-bsm.jpg]
[www.digimarkagency.com/images/update-09-06-2021/events/career-ppcm.webp]
[www.digimarkagency.com/images/update-09-06-2021/events/career-internship.jpg]
[www.digimarkagency.com/career.html]
[www.digimarkagency.com/internet-marketing-services-in-bangalore.html]
[www.digimarkagency.com/css/bootstrap-ppc.css]
[www.digimarkagency.com/css/fontawesome-ppc.css]
[www.digimarkagency.com/css/owl-ppc.css]
[www.digimarkagency.com/paid-search.html]
[www.digimarkagency.com/images/resource/finacial-modified-new.webp]
[www.digimarkagency.com/images/resource/makeup-modified-new.webp]
[www.digimarkagency.com/images/resource/bike.webp]
[www.digimarkagency.com/images/update-01-10-2021/resources/grow-1-3-6.webp]
[www.digimarkagency.com/images/resource/author-5.jpg]
[www.digimarkagency.com/images/resource/author-4.jpg]
[www.digimarkagency.com/images/resource/author-1.jpg]
[www.digimarkagency.com/images/resource/author-2.jpg]
[www.digimarkagency.com/images/resource/author-3.jpg]
[www.digimarkagency.com/digital-marketing-consultant-in-bangalore.html]
[www.digimarkagency.com/seo-services-in-bangalore.html]
[www.digimarkagency.com/generative-engine-optimization-in-bangalore.html]
[www.digimarkagency.com/contact6cab.html]
[www.digimarkagency.com/branding-agency-in-bangalore.html]
[www.digimarkagency.com/market-researcher-in-bangalore.html]
[www.digimarkagency.com/seo-content-writing-services-in-bangalore.html]
[www.digimarkagency.com/link-building-services-in-bangalore.html]
[www.digimarkagency.com/js/script.js]
[www.digimarkagency.com/enterprise-seo-services-in-bangalore.html]
[www.digimarkagency.com/hyderabad/images/background/image-7.webp]
[www.digimarkagency.com/hyderabad/css/fonts.css]
[www.digimarkagency.com/hyderabad/css/bootstrap.min.css]
[www.digimarkagency.com/hyderabad/css/fontawesome-all.css]
[www.digimarkagency.com/hyderabad/css/owl.css]
[www.digimarkagency.com/hyderabad/css/flaticon.css]
[www.digimarkagency.com/hyderabad/css/linoor-icons-2.css]
[www.digimarkagency.com/hyderabad/css/animate.css]
[www.digimarkagency.com/hyderabad/css/jquery-ui.css]
[www.digimarkagency.com/hyderabad/css/jquery.fancybox.min.css]
[www.digimarkagency.com/hyderabad/css/hover.css]
[www.digimarkagency.com/hyderabad/css/custom-animate.css]
[www.digimarkagency.com/hyderabad/css/style.css]
[www.digimarkagency.com/hyderabad/css/rtl.css]
[www.digimarkagency.com/hyderabad/css/responsive.css]
[www.digimarkagency.com/hyderabad/images/favicon.png]
[www.digimarkagency.com/css/grid-supplementc164.css]
[www.digimarkagency.com/hyderabad/images/icons/close-1-1.png]
[www.digimarkagency.com/hyderabad/images/clients/l8.png]
[www.digimarkagency.com/hyderabad/images/clients/l9.png]
[www.digimarkagency.com/hyderabad/images/clients/l10.png]
[www.digimarkagency.com/hyderabad/images/clients/l11.png]
[www.digimarkagency.com/hyderabad/images/clients/l12.png]
[www.digimarkagency.com/hyderabad/images/clients/l13.png]
[www.digimarkagency.com/hyderabad/images/clients/l14.png]
[www.digimarkagency.com/hyderabad/images/clients/l15.png]
[www.digimarkagency.com/hyderabad/images/clients/l1.png]
[www.digimarkagency.com/hyderabad/images/clients/l2.png]
[www.digimarkagency.com/hyderabad/images/clients/l3.png]
[www.digimarkagency.com/hyderabad/images/clients/l4.png]
[www.digimarkagency.com/hyderabad/images/clients/l5.png]
[www.digimarkagency.com/hyderabad/images/clients/l6.png]
[www.digimarkagency.com/hyderabad/images/clients/l7.png]
[www.digimarkagency.com/hyderabad/images/resource/featured-image-16.jpg]
[www.digimarkagency.com/hyderabad/images/update-01-10-2021/resources/grow-1-1.webp]
[www.digimarkagency.com/hyderabad/images/update-01-10-2021/resources/grow-1-2.webp]
[www.digimarkagency.com/hyderabad/js/jquery.js]
[www.digimarkagency.com/hyderabad/js/popper.min.js]
[www.digimarkagency.com/hyderabad/js/bootstrap.min.js]
[www.digimarkagency.com/hyderabad/js/TweenMax.js]
[www.digimarkagency.com/hyderabad/js/jquery-ui.js]
[www.digimarkagency.com/hyderabad/js/jquery.fancybox.js]
[www.digimarkagency.com/hyderabad/js/owl.js]
[www.digimarkagency.com/hyderabad/js/knob.js]
[www.digimarkagency.com/hyderabad/js/appear.js]
[www.digimarkagency.com/hyderabad/js/wow.js]
[www.digimarkagency.com/hyderabad/js/jQuery.style.switcher.min.js]
[www.digimarkagency.com/hyderabad/js/jquery.easing.min.js]
[www.digimarkagency.com/hyderabad/js/custom-script.js]
[www.digimarkagency.com/hyderabad/js/lang.js]
[www.digimarkagency.com/hyderabad/js/color-switcher.js]
[www.digimarkagency.com/hyderabad/seo-company-hyderabad.html]
[www.digimarkagency.com/blog/index.html]
[www.digimarkagency.com/blog/5-reasons-to-choose-digital-marketing-as-career/index.html]
[www.digimarkagency.com/blog/contactswing-success-stories/index.html]
[www.digimarkagency.com/blog/difference-between-working-for-digital-marketing-agency-vs-other-company/index.html]
[www.digimarkagency.com/blog/how-to-build-a-customer-centric-digital-marketing-team/index.html]
[www.digimarkagency.com/css/bootstrap-smm.css]
[www.digimarkagency.com/blog/things-to-remember-before-hiring-your-digital-marketing-agency/index.html]
[www.digimarkagency.com/css/fontawesome-smm.css]
[www.digimarkagency.com/blog/what-is-seo-automation-how-can-we-use-it-to-increase-efficiency/index.html]
[www.digimarkagency.com/blog/is-content-everything-in-seo/index.html]
[www.digimarkagency.com/blog/seo-practices-that-helps-you-to-rank-better/index.html]
[www.digimarkagency.com/blog/10-reasons-why-digital-marketing-agencies-lose-their-client/index.html]
[www.digimarkagency.com/css/responsive-smm.css]
[www.digimarkagency.com/social-media-marketing-company-bangalore.html]
[www.digimarkagency.com/blog/innovative-and-emerging-trends-in-website-design-and-development/index.html]
[www.digimarkagency.com/blog/vital-seo-steps-for-every-new-website/index.html]
[www.digimarkagency.com/blog/seo-agency-promises-vs-reality-in-results/index.html]
[www.digimarkagency.com/blog/difference-between-content-spinning-and-content-repurposing/index.html]
[www.digimarkagency.com/video-production-company-in-bangalore.html]
[www.digimarkagency.com/blog/seo-hacks-to-improve-your-google-rankings/index.html]
[www.digimarkagency.com/blog/what-is-the-process-for-seo-for-a-new-website/index.html]
[www.digimarkagency.com/blog/seo/index.html]
[www.digimarkagency.com/blog/seos-sales-team-how-to-better-work-together/index.html]
[www.digimarkagency.com/blog/why-digital-marketing-is-more-effective-than-traditional-marketing/index.html]
[www.digimarkagency.com/blog/old-school-seo-v-s-next-generation-seo/index.html]
[www.digimarkagency.com/blog/why-you-should-increase-your-digital-ad-spends-than-traditional-ads/index.html]
[www.digimarkagency.com/hyderabad/images/update-01-10-2021/resources/grow-1-3.png]
[www.digimarkagency.com/hyderabad/images/update-01-10-2021/resources/grow-1-4.png]
[www.digimarkagency.com/hyderabad/digital-marketing-company-hyderabad.html]
[www.digimarkagency.com/privacy-policy.html]
[www.digimarkagency.com/fonts/fa-brands-400.svg]
[www.digimarkagency.com/fonts/fa-regular-400.svg]
[www.digimarkagency.com/fonts/fa-solid-900.svg]
[www.digimarkagency.com/fonts/linoor-icon-twoc6d5c6d5.svg]
[www.digimarkagency.com/css/bootstrap-about.min.css]
[www.digimarkagency.com/css/fontawesome-about.css]
[www.digimarkagency.com/css/flaticon-about.css]
[www.digimarkagency.com/css/animate-about.css]
[www.digimarkagency.com/css/jquery.fancybox.min.css]
[www.digimarkagency.com/images/icons/preloader.png]
[www.digimarkagency.com/images/update-26-02-2021/preloader-white.png]
[www.digimarkagency.com/images/icons/chat-icon.png]
[www.digimarkagency.com/images/icons/chat-icon-dark.png]
[www.digimarkagency.com/images/icons/image-bg.svg]
[www.digimarkagency.com/images/main-slider/slide-2-pattern-1.png]
[www.digimarkagency.com/images/main-slider/left-curve-line.png]
[www.digimarkagency.com/images/main-slider/right-curved-bg.png]
[www.digimarkagency.com/images/main-slider/right-white-curve.png]
[www.digimarkagency.com/images/main-slider/b-2-shape-1.png]
[www.digimarkagency.com/images/main-slider/b-2-shape-2.png]
[www.digimarkagency.com/images/main-slider/b-2-shape-3.png]
[www.digimarkagency.com/images/main-slider/b-2-shape-4.png]
[www.digimarkagency.com/images/main-slider/b-2-shape-5.png]
[www.digimarkagency.com/images/main-slider/b-2-shape-6.png]
[www.digimarkagency.com/images/main-slider/b-3-shape.png]
[www.digimarkagency.com/images/update-1-12-2020/shapes/menu-top-shadow.png]
[www.digimarkagency.com/images/background/pattern-1.png]
[www.digimarkagency.com/images/background/pattern-2.png]
[www.digimarkagency.com/images/icons/curve-down-left.png]
[www.digimarkagency.com/images/icons/call-to-shape-1.png]
[www.digimarkagency.com/images/icons/call-to-shape-2.png]
[www.digimarkagency.com/images/icons/shape-1.png]
[www.digimarkagency.com/images/update-1-12-2020/shapes/testi-arrow-hover.png]
[www.digimarkagency.com/images/update-1-12-2020/shapes/testi-arrow.png]
[www.digimarkagency.com/images/icons/cta-bg-1-1.png]
[www.digimarkagency.com/images/background/cta-2-bg-1-1.png]
[www.digimarkagency.com/images/background/contact-bg-1-1.png]
[www.digimarkagency.com/images/background/b-shape-1.png]
[www.digimarkagency.com/images/background/b-shape-2.png]
[www.digimarkagency.com/images/background/we-do-section-bg-dark.jpg]
[www.digimarkagency.com/images/update-26-02-2021/shapes/portfolio-horizontal-arrow.png]
[www.digimarkagency.com/images/update-01-10-2021/shapes/footer-bg-1-1.png]
[www.digimarkagency.com/images/update-01-10-2021/shapes/subscribe-two-bg-1-1.png]
[www.digimarkagency.com/images/update-01-10-2021/shapes/subscribe-two-shape-1.png]
[www.digimarkagency.com/images/update-01-10-2021/shapes/pricing-2-bg-1-1.png]
[www.digimarkagency.com/images/update-01-10-2021/shapes/slide-seven-shape-1-1.png]
[www.digimarkagency.com/images/update-01-10-2021/shapes/slide-seven-shape-1-2.png]
[www.digimarkagency.com/images/update-01-10-2021/shapes/slide-seven-shape-1-3.png]
[www.digimarkagency.com/images/update-01-10-2021/shapes/slide-seven-shape-1-4.png]
[www.digimarkagency.com/images/update-01-10-2021/shapes/slide-seven-shape-1-5.png]
[www.digimarkagency.com/images/update-01-10-2021/shapes/testi-8-bg-1-1.png]
[www.digimarkagency.com/images/update-01-10-2021/shapes/menu-arrow.png]
[www.digimarkagency.com/css/style.css]
[www.digimarkagency.com/css/responsive-about.css]
[www.digimarkagency.com/css/bootstrap-seo.css]
[www.digimarkagency.com/fonts/fa-brands-400.woff2]
[www.digimarkagency.com/fonts/fa-brands-400.ttf]
[www.digimarkagency.com/fonts/fa-regular-400.woff2]
[www.digimarkagency.com/fonts/fa-regular-400.ttf]
[www.digimarkagency.com/fonts/fa-solid-900.woff2]
[www.digimarkagency.com/css/fontawesome-seo.css]
[www.digimarkagency.com/css/flaticon-seo.css]
[www.digimarkagency.com/css/animate.css]
[www.digimarkagency.com/css/rtl.css]
[www.digimarkagency.com/css/responsive.css]
[www.digimarkagency.com/fonts/fa-solid-900.ttf]
[www.digimarkagency.com/team/vimlesh-maurya.html]
[www.digimarkagency.com/contactf2e7.html]
[www.digimarkagency.com/contact0c84.html]
[www.digimarkagency.com/contact1cc8.html]
[www.digimarkagency.com/shopify-seo-services-in-bangalore.html]
[www.digimarkagency.com/international-seo-services-in-bangalore.html]
[www.digimarkagency.com/cro/images/background/image-7.html]
[maxcdn.bootstrapcdn.com/font-awesome/4.5.0/css/font-awesome.min.css]
[www.digimarkagency.com/cro/GET.html]
[www.digimarkagency.com/css/grid-supplementb6f5.css]
[www.digimarkagency.com/images/thehindu-logo.svg]
[www.digimarkagency.com/css/bootstrap-web-dev.css]
[www.digimarkagency.com/css/fontawesome-web-dev.css]
[www.digimarkagency.com/css/responsive-web-dev.css]
[www.digimarkagency.com/css/bootstrap.min.css]
[www.digimarkagency.com/css/fontawesome-all.css]
[www.digimarkagency.com/css/jquery-ui.css]
[www.digimarkagency.com/css/hover.css]
[www.digimarkagency.com/css/bootstrap-ppc.css]
[www.digimarkagency.com/css/fontawesome-ppc.css]
[www.digimarkagency.com/css/owl-ppc.css]
[www.digimarkagency.com/images/background/Digital-Marketing-Consultant-in-Bangalore.html]
[www.digimarkagency.com/images/background/page-title-bg.html]
[www.digimarkagency.com/contact6cab.html]
[www.digimarkagency.com/hyderabad/css/fonts.css]
[www.digimarkagency.com/hyderabad/css/bootstrap.min.css]
[www.digimarkagency.com/hyderabad/fonts/fa-brands-400.woff]
[www.digimarkagency.com/hyderabad/fonts/fa-brands-400.ttf]
[www.digimarkagency.com/hyderabad/fonts/fa-brands-400.svg]
[www.digimarkagency.com/hyderabad/fonts/fa-regular-400d41dd41d.eot]
[www.digimarkagency.com/hyderabad/fonts/fa-regular-400.svg]
[www.digimarkagency.com/hyderabad/fonts/fa-solid-900.eot]
[www.digimarkagency.com/hyderabad/fonts/fa-solid-900.svg]
[www.digimarkagency.com/hyderabad/css/fontawesome-all.css]
[www.digimarkagency.com/hyderabad/css/owl.video.play.png]
[www.digimarkagency.com/hyderabad/css/owl.css]
[www.digimarkagency.com/hyderabad/fonts/Flaticon2b972b97.svg]
[www.digimarkagency.com/hyderabad/css/flaticon.css]
[www.digimarkagency.com/hyderabad/fonts/linoor-icon-twoc6d5c6d5.svg]
[www.digimarkagency.com/hyderabad/css/linoor-icons-2.css]
[www.digimarkagency.com/hyderabad/css/animate.css]
[www.digimarkagency.com/hyderabad/css/images/ui-icons_444444_256x240.png]
[www.digimarkagency.com/hyderabad/css/images/ui-icons_555555_256x240.png]
[www.digimarkagency.com/hyderabad/css/images/ui-icons_777620_256x240.png]
[www.digimarkagency.com/hyderabad/css/images/ui-icons_cc0000_256x240.png]
[www.digimarkagency.com/hyderabad/css/jquery-ui.css]
[www.digimarkagency.com/hyderabad/css/jquery.fancybox.min.css]
[www.digimarkagency.com/hyderabad/css/hover.css]
[www.digimarkagency.com/hyderabad/css/custom-animate.css]
[www.digimarkagency.com/hyderabad/images/background/home-portfolio-bg-1-1.png]
[www.digimarkagency.com/hyderabad/images/icons/preloader.png]
[www.digimarkagency.com/hyderabad/images/update-26-02-2021/preloader-white.png]
[www.digimarkagency.com/hyderabad/images/icons/chat-icon.png]
[www.digimarkagency.com/hyderabad/images/icons/chat-icon-dark.png]
[www.digimarkagency.com/hyderabad/images/icons/image-bg.svg]
[www.digimarkagency.com/hyderabad/images/main-slider/slide-2-pattern-1.png]
[www.digimarkagency.com/hyderabad/images/main-slider/left-curve-line.png]
[www.digimarkagency.com/hyderabad/images/main-slider/right-curved-bg.png]
[www.digimarkagency.com/hyderabad/images/main-slider/right-white-curve.png]
[www.digimarkagency.com/hyderabad/images/main-slider/b-2-shape-1.png]
[www.digimarkagency.com/hyderabad/images/main-slider/b-2-shape-2.png]
[www.digimarkagency.com/hyderabad/images/main-slider/b-2-shape-3.png]
[www.digimarkagency.com/hyderabad/images/main-slider/b-2-shape-4.png]
[www.digimarkagency.com/hyderabad/images/main-slider/b-2-shape-5.png]
[www.digimarkagency.com/hyderabad/images/main-slider/b-2-shape-6.png]
[www.digimarkagency.com/hyderabad/images/main-slider/b-3-shape.png]
[www.digimarkagency.com/hyderabad/images/update-1-12-2020/shapes/menu-top-shadow.png]
[www.digimarkagency.com/hyderabad/images/background/pattern-1.png]
[www.digimarkagency.com/hyderabad/images/background/pattern-2.png]
[www.digimarkagency.com/hyderabad/images/icons/curve-down-left.png]
[www.digimarkagency.com/hyderabad/images/icons/call-to-shape-1.png]
[www.digimarkagency.com/hyderabad/images/icons/call-to-shape-2.png]
[www.digimarkagency.com/hyderabad/images/background/footer-bg.png]
[www.digimarkagency.com/hyderabad/images/icons/shape-1.png]
[www.digimarkagency.com/hyderabad/images/update-1-12-2020/shapes/testi-arrow-hover.png]
[www.digimarkagency.com/hyderabad/images/update-1-12-2020/shapes/testi-arrow.png]
[www.digimarkagency.com/hyderabad/images/icons/cta-bg-1-1.png]
[www.digimarkagency.com/hyderabad/images/background/cta-2-bg-1-1.png]
[www.digimarkagency.com/hyderabad/images/background/contact-bg-1-1.png]
[www.digimarkagency.com/hyderabad/images/background/b-shape-1.png]
[www.digimarkagency.com/hyderabad/images/background/b-shape-2.png]
[www.digimarkagency.com/hyderabad/images/background/we-do-section-bg-dark.jpg]
[www.digimarkagency.com/hyderabad/images/update-26-02-2021/shapes/portfolio-horizontal-arrow.png]
[www.digimarkagency.com/hyderabad/images/update-01-10-2021/shapes/footer-bg-1-1.png]
[www.digimarkagency.com/hyderabad/images/update-01-10-2021/shapes/subscribe-two-bg-1-1.png]
[www.digimarkagency.com/hyderabad/images/update-01-10-2021/shapes/subscribe-two-shape-1.png]
[www.digimarkagency.com/hyderabad/images/update-01-10-2021/shapes/pricing-2-bg-1-1.png]
[www.digimarkagency.com/hyderabad/images/update-01-10-2021/shapes/slide-seven-shape-1-1.png]
[www.digimarkagency.com/hyderabad/images/update-01-10-2021/shapes/slide-seven-shape-1-2.png]
[www.digimarkagency.com/hyderabad/images/update-01-10-2021/shapes/slide-seven-shape-1-3.png]
[www.digimarkagency.com/hyderabad/images/update-01-10-2021/shapes/slide-seven-shape-1-4.png]
[www.digimarkagency.com/hyderabad/images/update-01-10-2021/shapes/slide-seven-shape-1-5.png]
[www.digimarkagency.com/hyderabad/images/update-01-10-2021/shapes/testi-8-bg-1-1.png]
[www.digimarkagency.com/hyderabad/images/update-01-10-2021/shapes/menu-arrow.png]
[www.digimarkagency.com/hyderabad/css/style.css]
[www.digimarkagency.com/hyderabad/css/rtl.css]
[www.digimarkagency.com/hyderabad/css/responsive.css]
[www.digimarkagency.com/hyderabad/css/colors/color-default.css]
[www.digimarkagency.com/css/grid-supplementc164.css]
[www.digimarkagency.com/blog/contactswing-success-stories/index.html]
[www.digimarkagency.com/blog/5-reasons-to-choose-digital-marketing-as-career/index.html]
[www.digimarkagency.com/blog/how-to-build-a-customer-centric-digital-marketing-team/index.html]
[www.digimarkagency.com/blog/difference-between-working-for-digital-marketing-agency-vs-other-company/index.html]
[www.digimarkagency.com/blog/things-to-remember-before-hiring-your-digital-marketing-agency/index.html]
[www.digimarkagency.com/blog/what-is-seo-automation-how-can-we-use-it-to-increase-efficiency/index.html]
[www.digimarkagency.com/blog/is-content-everything-in-seo/index.html]
[www.digimarkagency.com/blog/seo-practices-that-helps-you-to-rank-better/index.html]
[www.digimarkagency.com/blog/10-reasons-why-digital-marketing-agencies-lose-their-client/index.html]
[www.digimarkagency.com/blog/vital-seo-steps-for-every-new-website/index.html]
[www.digimarkagency.com/blog/innovative-and-emerging-trends-in-website-design-and-development/index.html]
[www.digimarkagency.com/blog/seo-agency-promises-vs-reality-in-results/index.html]
[www.digimarkagency.com/blog/difference-between-content-spinning-and-content-repurposing/index.html]
[www.digimarkagency.com/blog/seo/index.html]
[www.digimarkagency.com/blog/seo-hacks-to-improve-your-google-rankings/index.html]
[www.digimarkagency.com/blog/what-is-the-process-for-seo-for-a-new-website/index.html]
[www.digimarkagency.com/blog/seos-sales-team-how-to-better-work-together/index.html]
[www.digimarkagency.com/blog/old-school-seo-v-s-next-generation-seo/index.html]
[www.digimarkagency.com/blog/why-you-should-increase-your-digital-ad-spends-than-traditional-ads/index.html]
[www.digimarkagency.com/blog/why-digital-marketing-is-more-effective-than-traditional-marketing/index.html]
[www.digimarkagency.com/css/bootstrap-smm.css]
[www.digimarkagency.com/css/fontawesome-smm.css]
[www.digimarkagency.com/css/responsive-smm.css]
[www.digimarkagency.com/images/icons/image-bg.svg]
[www.digimarkagency.com/hyderabad/fonts/fa-brands-400.eot]
[www.digimarkagency.com/hyderabad/fonts/fa-brands-400d41dd41d.eot]
[www.digimarkagency.com/hyderabad/fonts/fa-brands-400.woff2]
[www.digimarkagency.com/hyderabad/fonts/fa-brands-400.svg]
[www.digimarkagency.com/hyderabad/fonts/fa-regular-400.eot]
[www.digimarkagency.com/hyderabad/fonts/fa-regular-400.woff2]
[www.digimarkagency.com/hyderabad/fonts/fa-regular-400.woff]
[www.digimarkagency.com/hyderabad/fonts/fa-regular-400.ttf]
[www.digimarkagency.com/hyderabad/fonts/fa-regular-400.svg]
[www.digimarkagency.com/hyderabad/fonts/fa-solid-900d41dd41d.eot]
[www.digimarkagency.com/hyderabad/fonts/fa-solid-900.woff2]
[www.digimarkagency.com/hyderabad/fonts/fa-solid-900.woff]
[www.digimarkagency.com/hyderabad/fonts/fa-solid-900.ttf]
[www.digimarkagency.com/hyderabad/fonts/fa-solid-900.svg]
[www.digimarkagency.com/hyderabad/fonts/Flaticon2b972b97.eot]
[www.digimarkagency.com/hyderabad/fonts/Flaticon2b972b97.ttf]
[www.digimarkagency.com/hyderabad/fonts/Flaticon2b972b97.woff]
[www.digimarkagency.com/hyderabad/fonts/Flaticon2b972b97.svg]
[www.digimarkagency.com/hyderabad/fonts/linoor-icon-twoc6d5c6d5.eot]
[www.digimarkagency.com/hyderabad/fonts/linoor-icon-twoc6d5c6d5.ttf]
[www.digimarkagency.com/hyderabad/fonts/linoor-icon-twoc6d5c6d5.woff]
[www.digimarkagency.com/hyderabad/fonts/linoor-icon-twoc6d5c6d5.svg]
[www.digimarkagency.com/hyderabad/images/icons/image-bg.svg]
